==============================================================================================================
Control-variate pilot; seed 0, maker size 0.12, control arm only
==============================================================================================================
run_diag: 10080 samples at 60s (control arm), sd(q) = 0.27879
V path regenerated twice, identical (604801 steps).
mispricing (mid - V) in bp of mid: mean -1.657, sd 27.125, max|.| 116.331

h (s)   n       var(d_mid)   var(dmid-dV)   ratio r   corr     1-corr^2    | r (overlap) n (overlap)
60      10079   2.3257       28.3355        12.1837   0.0070   1.0000      | 12.1837     10079
300     2015    19.5765      146.3903       7.4778    0.0422   0.9982      | 7.3776      10075
900     671     104.6683     444.2030       4.2439    0.1404   0.9803      | 4.2782      10065
3600    167     887.8042     1587.6098      1.7882    0.4460   0.8011      | 1.4136      10020
10800   55      3587.0335    1539.0378      0.4291    0.7937   0.3700      | 0.4097      9900

==============================================================================================================
Projection; 95%% half-width of TMB at 8 seeds under the control variate, maker size 0.12
measured cost 1.4704 +/- 0.0100 bp -> band [1.4508, 1.4900]
==============================================================================================================
h (s)   hw now      sqrt(r)     hw cv       |m| now     hw_CV < cost_lo?           |m|+-hw_CV vs cost
60      0.0815      3.4905      0.2846      0.1121      yes                        [0.000, 0.397] BELOW if |m| holds
300     0.3993      2.7346      1.0918      0.5573      yes                        [0.000, 1.649] STRADDLE if |m| holds
900     1.2187      2.0601      2.5107      1.5313      no                         [0.000, 4.042] STRADDLE if |m| holds
3600    4.6701      1.3373      6.2451      5.2016      no                         [0.000, 11.447] STRADDLE if |m| holds
10800   10.4470     0.6550      6.8430      0.6760      no                         [0.000, 7.519] STRADDLE if |m| holds
